// Bun Snapshot v1, https://goo.gl/fbAQLP

exports[`Transform pending transaction 1`] = `
{
  "amount": -5.4,
  "balance": null,
  "bank_account_id": "123",
  "category": "travel",
  "currency": "CAD",
  "date": "2024-02-24",
  "description": "Uber",
  "internal_id": "123_NxkDjlyk45cQoDm5PEqJuKJaw6qrj9cy89zBA",
  "method": "other",
  "name": "Uber 063015 Sf Pool",
  "status": "pending",
  "team_id": "123",
}
`;

exports[`Transform income transaction 1`] = `
{
  "amount": 500,
  "balance": null,
  "bank_account_id": "123",
  "category": "income",
  "currency": "CAD",
  "date": "2024-02-22",
  "description": null,
  "internal_id": "123_5QKmMdaKWgtzkvKEPmqriLZR1mV3kMF5X9EeX",
  "method": "other",
  "name": "United Airlines",
  "status": "posted",
  "team_id": "123",
}
`;

exports[`Transform type transfer 1`] = `
{
  "amount": -5.4,
  "balance": null,
  "bank_account_id": "123",
  "category": "transfer",
  "currency": "CAD",
  "date": "2024-02-24",
  "description": "Uber",
  "internal_id": "123_NxkDjlyk45cQoDm5PEqJuKJaw6qrj9cy89zBA",
  "method": "transfer",
  "name": "Uber 063015 Sf Pool",
  "status": "pending",
  "team_id": "123",
}
`;

exports[`Transform accounts 1`] = `
{
  "currency": "CAD",
  "id": "kKZWQnoZVqcBeN71qdyoh8mVoErgb7tL7gmBL",
  "institution": {
    "id": "ins_100546",
    "logo": null,
    "name": "American Funds Retirement Solutions",
  },
  "name": "Plaid Mortgage",
  "provider": "plaid",
  "type": "other_asset",
}
`;

exports[`Transform account balance 1`] = `
{
  "amount": 2000,
  "currency": "USD",
}
`;
