// Bun Snapshot v1, https://goo.gl/fbAQLP

exports[`Parse from comma delimiter 1`] = `
[
  [
    "Bokförd",
    "Valutadatum",
    "Text",
    "Typ",
    "Insättningar/uttag",
    "Bokfört saldo",
  ],
  [
    "2024-03-08",
    "2024-03-08",
    "ELLEVIO AB (PUBL)",
    "Betalning (bg/pg)",
    "-168.00",
    "1942493.52",
  ],
  [
    "2024-03-08",
    "2024-03-08",
    "ELLEVIO AB (PUBL)",
    "Betalning (bg/pg)",
    "-165.00",
    "1942661.52",
  ],
  [
    "2024-03-06",
    "2024-03-06",
    "BANKTJÄNSTER",
    "Annan",
    "-136.00",
    "1942826.52",
  ],
  [
    "2024-03-04",
    "2024-03-04",
    "KOSTNAD",
    "Annan",
    "-31.85",
    "1942962.52",
  ],
  [
    "2024-03-04",
    "2024-03-04",
    "H04510236587",
    "Internationell betalning",
    "230400.00",
    "1942994.37",
  ],
  [
    "2024-03-04",
    "2024-03-03",
    "AWS AMAZON C/24-03-02",
    "Kortköp",
    "-2797.17",
    "1712594.37",
  ],
  [
    "2024-03-04",
    "2024-03-02",
    "GOOGLE  YOUT/24-03-01",
    "Kortköp",
    "-119.00",
    "1715391.54",
  ],
  [
    "2024-03-04",
    "2024-03-02",
    "DUBLIN      /24-03-01",
    "Kortköp",
    "-119.40",
    "1715510.54",
  ],
  [
    "2024-03-04",
    "2024-03-02",
    "DUBLIN      /24-03-01",
    "Kortköp",
    "-179.11",
    "1715629.94",
  ],
  [
    "2024-03-04",
    "2024-03-02",
    "GSUITE WDLIN/24-03-01",
    "Kortköp",
    "-29.00",
    "1715809.05",
  ],
  [
    "2024-03-04",
    "2024-03-02",
    "GOOGLE CLOUD/24-03-01",
    "Kortköp",
    "-39.85",
    "1715838.05",
  ],
  [
    "2024-03-01",
    "2024-03-01",
    "AMSTERDAM   /24-03-01",
    "Kortköp",
    "-153.10",
    "1715877.90",
  ],
]
`;

exports[`Parse from colon delimiter 1`] = `
[
  [
    "Kontonummer",
    "Kontonamn",
    "",
    "Saldo",
    "Tillgängligt belopp",
  ],
  [
    "90248745117",
    "Rörelsekonto",
    "",
    "195 460,31",
    "195 460,31",
  ],
  [
    "Bokföringsdatum",
    "Transaktionsdatum",
    "Transaktionstyp",
    "Meddelande",
    "Belopp",
  ],
  [
    "2024-03-08",
    "2024-03-08",
    "Kortköp",
    "APL*APPLE SEARCH ADS,800-275-2273,US",
    "-387,27",
  ],
  [
    "2024-03-08",
    "2024-03-08",
    "Betalning",
    "SKATTEVERKET",
    "-44 134,00",
  ],
  [
    "2024-03-08",
    "2024-03-08",
    "Överföring",
    "TILL SKV",
    "44 134,00",
  ],
  [
    "2024-03-08",
    "2024-03-08",
    "Betalning",
    "hallon / Billogram",
    "-485,00",
  ],
  [
    "2024-03-07",
    "2024-03-06",
    "Kortköp",
    "WEBHALLENE",
    "-8 007,00",
  ],
  [
    "2024-03-07",
    "2024-03-07",
    "Utlandsbetalning",
    "ANK Utland Normal",
    "2 590,96",
  ],
  [
    "2024-03-06",
    "2024-03-06",
    "Överföring",
    "Skatt moms pwm",
    "-48 000,00",
  ],
  [
    "2024-03-06",
    "2024-03-06",
    "BG-insättning",
    "52762176",
    "137 500,00",
  ],
  [
    "2024-03-06",
    "2024-03-06",
    "Utlandsbetalning",
    "ANK Utland Normal",
    "1 923,95",
  ],
  [
    "2024-03-05",
    "2024-03-05",
    "Kortköp",
    "FIGMA MONTHLY RENEWAL,SAN FRANCISCO,US",
    "-316,17",
  ],
  [
    "2024-03-05",
    "2024-03-04",
    "Kortköp",
    "PAYPAL *APPERS GMBH,35314369001,AT",
    "-806,18",
  ],
  [
    "2024-03-02",
    "2024-03-01",
    "Kortköp",
    "GOOGLE*CLOUD 5NHT7Z,CC GOOGLE.COM,IE",
    "-1,22",
  ],
  [
    "2024-03-02",
    "2024-03-01",
    "Kortköp",
    "GSUITE,Dublin,IE",
    "-100,00",
  ],
]
`;

exports[`Transform transactions 1`] = `
[
  {
    "amount": -168,
    "category": null,
    "date": "2024-03-08",
    "internal_id": "123_360407f43551cbcf0da545ec7e429ce2c69fb1f27c03bb336ff3e4d9c092ec79",
    "manual": true,
    "method": "other",
    "name": "Ellevio Ab Publ",
    "status": "posted",
    "team_id": "123",
  },
  {
    "amount": -165,
    "category": null,
    "date": "2024-03-08",
    "internal_id": "123_360407f43551cbcf0da545ec7e429ce2c69fb1f27c03bb336ff3e4d9c092ec79",
    "manual": true,
    "method": "other",
    "name": "Ellevio Ab Publ",
    "status": "posted",
    "team_id": "123",
  },
  {
    "amount": -136,
    "category": null,
    "date": "2024-03-06",
    "internal_id": "123_9646dac117237a79e9479e2b22935b5d9ff0e63e8be24ce9d84160a12ec4910f",
    "manual": true,
    "method": "other",
    "name": "Banktjänster",
    "status": "posted",
    "team_id": "123",
  },
  {
    "amount": -31.85,
    "category": null,
    "date": "2024-03-04",
    "internal_id": "123_b6c737875c2778e9dabdeb8ca41f67f01443e640856ab2bcc5d16c63bfcc6485",
    "manual": true,
    "method": "other",
    "name": "Kostnad",
    "status": "posted",
    "team_id": "123",
  },
  {
    "amount": 230400,
    "category": "income",
    "date": "2024-03-04",
    "internal_id": "123_b6c737875c2778e9dabdeb8ca41f67f01443e640856ab2bcc5d16c63bfcc6485",
    "manual": true,
    "method": "other",
    "name": "H04510236587",
    "status": "posted",
    "team_id": "123",
  },
  {
    "amount": -2797.17,
    "category": null,
    "date": "2024-03-03",
    "internal_id": "123_cd621e57e48f3665ddceb17f797d3304bfc443dbd3db862082454986c5015931",
    "manual": true,
    "method": "other",
    "name": "Aws Amazon C 24 03 02",
    "status": "posted",
    "team_id": "123",
  },
  {
    "amount": -119,
    "category": null,
    "date": "2024-03-02",
    "internal_id": "123_8b769aa1612687d676cf0c0a1f819d6dbb230e682d057be174baeed01ae6b68f",
    "manual": true,
    "method": "other",
    "name": "Google Yout 24 03 01",
    "status": "posted",
    "team_id": "123",
  },
  {
    "amount": -119.4,
    "category": null,
    "date": "2024-03-02",
    "internal_id": "123_8b769aa1612687d676cf0c0a1f819d6dbb230e682d057be174baeed01ae6b68f",
    "manual": true,
    "method": "other",
    "name": "Dublin 24 03 01",
    "status": "posted",
    "team_id": "123",
  },
  {
    "amount": -179.11,
    "category": null,
    "date": "2024-03-02",
    "internal_id": "123_8b769aa1612687d676cf0c0a1f819d6dbb230e682d057be174baeed01ae6b68f",
    "manual": true,
    "method": "other",
    "name": "Dublin 24 03 01",
    "status": "posted",
    "team_id": "123",
  },
  {
    "amount": -29,
    "category": null,
    "date": "2024-03-02",
    "internal_id": "123_8b769aa1612687d676cf0c0a1f819d6dbb230e682d057be174baeed01ae6b68f",
    "manual": true,
    "method": "other",
    "name": "Gsuite Wdlin 24 03 01",
    "status": "posted",
    "team_id": "123",
  },
  {
    "amount": -39.85,
    "category": null,
    "date": "2024-03-02",
    "internal_id": "123_8b769aa1612687d676cf0c0a1f819d6dbb230e682d057be174baeed01ae6b68f",
    "manual": true,
    "method": "other",
    "name": "Google Cloud 24 03 01",
    "status": "posted",
    "team_id": "123",
  },
  {
    "amount": -153.1,
    "category": null,
    "date": "2024-03-01",
    "internal_id": "123_846bfdc78358be3ab9f89e0f180d04e86d77842b05c00d9fadcd3bdd408f3cae",
    "manual": true,
    "method": "other",
    "name": "Amsterdam 24 03 01",
    "status": "posted",
    "team_id": "123",
  },
]
`;

exports[`Transform transactions 2`] = `
[
  {
    "amount": -387.27,
    "category": null,
    "date": "2024-03-08",
    "internal_id": "123_360407f43551cbcf0da545ec7e429ce2c69fb1f27c03bb336ff3e4d9c092ec79",
    "manual": true,
    "method": "other",
    "name": "Kortköp",
    "status": "posted",
    "team_id": "123",
  },
  {
    "amount": -44134,
    "category": null,
    "date": "2024-03-08",
    "internal_id": "123_360407f43551cbcf0da545ec7e429ce2c69fb1f27c03bb336ff3e4d9c092ec79",
    "manual": true,
    "method": "other",
    "name": "Betalning",
    "status": "posted",
    "team_id": "123",
  },
  {
    "amount": 44134,
    "category": "income",
    "date": "2024-03-08",
    "internal_id": "123_360407f43551cbcf0da545ec7e429ce2c69fb1f27c03bb336ff3e4d9c092ec79",
    "manual": true,
    "method": "other",
    "name": "Överföring",
    "status": "posted",
    "team_id": "123",
  },
  {
    "amount": -485,
    "category": null,
    "date": "2024-03-08",
    "internal_id": "123_360407f43551cbcf0da545ec7e429ce2c69fb1f27c03bb336ff3e4d9c092ec79",
    "manual": true,
    "method": "other",
    "name": "Betalning",
    "status": "posted",
    "team_id": "123",
  },
  {
    "amount": -8007,
    "category": null,
    "date": "2024-03-07",
    "internal_id": "123_b03f934a4d02c9e87ac338790993906525f34d1620c55353b2f1901fb1839c8a",
    "manual": true,
    "method": "other",
    "name": "Kortköp",
    "status": "posted",
    "team_id": "123",
  },
  {
    "amount": 2590.96,
    "category": "income",
    "date": "2024-03-07",
    "internal_id": "123_b03f934a4d02c9e87ac338790993906525f34d1620c55353b2f1901fb1839c8a",
    "manual": true,
    "method": "other",
    "name": "Utlandsbetalning",
    "status": "posted",
    "team_id": "123",
  },
  {
    "amount": -48000,
    "category": null,
    "date": "2024-03-06",
    "internal_id": "123_9646dac117237a79e9479e2b22935b5d9ff0e63e8be24ce9d84160a12ec4910f",
    "manual": true,
    "method": "other",
    "name": "Överföring",
    "status": "posted",
    "team_id": "123",
  },
  {
    "amount": 137500,
    "category": "income",
    "date": "2024-03-06",
    "internal_id": "123_9646dac117237a79e9479e2b22935b5d9ff0e63e8be24ce9d84160a12ec4910f",
    "manual": true,
    "method": "other",
    "name": "Bg Insättning",
    "status": "posted",
    "team_id": "123",
  },
  {
    "amount": 1923.95,
    "category": "income",
    "date": "2024-03-06",
    "internal_id": "123_9646dac117237a79e9479e2b22935b5d9ff0e63e8be24ce9d84160a12ec4910f",
    "manual": true,
    "method": "other",
    "name": "Utlandsbetalning",
    "status": "posted",
    "team_id": "123",
  },
  {
    "amount": -316.17,
    "category": null,
    "date": "2024-03-05",
    "internal_id": "123_b56b602b96051d392ea031b9dce383df0404a1e9dda2912488b6ceeb7b8811b8",
    "manual": true,
    "method": "other",
    "name": "Kortköp",
    "status": "posted",
    "team_id": "123",
  },
  {
    "amount": -806.18,
    "category": null,
    "date": "2024-03-05",
    "internal_id": "123_b56b602b96051d392ea031b9dce383df0404a1e9dda2912488b6ceeb7b8811b8",
    "manual": true,
    "method": "other",
    "name": "Kortköp",
    "status": "posted",
    "team_id": "123",
  },
  {
    "amount": -1.22,
    "category": null,
    "date": "2024-03-02",
    "internal_id": "123_8b769aa1612687d676cf0c0a1f819d6dbb230e682d057be174baeed01ae6b68f",
    "manual": true,
    "method": "other",
    "name": "Kortköp",
    "status": "posted",
    "team_id": "123",
  },
  {
    "amount": -100,
    "category": null,
    "date": "2024-03-02",
    "internal_id": "123_8b769aa1612687d676cf0c0a1f819d6dbb230e682d057be174baeed01ae6b68f",
    "manual": true,
    "method": "other",
    "name": "Kortköp",
    "status": "posted",
    "team_id": "123",
  },
]
`;

exports[`Transform transactions 3`] = `
[
  {
    "amount": -93,
    "category": null,
    "date": "2024-03-10",
    "internal_id": "123_dcb80eeaef5ace3667dedb4bff0672ddd6f108c9a4f4127423f41e69ee9d308b",
    "manual": true,
    "method": "other",
    "name": "Okq8",
    "status": "posted",
    "team_id": "123",
  },
  {
    "amount": -220.5,
    "category": null,
    "date": "2024-03-10",
    "internal_id": "123_dcb80eeaef5ace3667dedb4bff0672ddd6f108c9a4f4127423f41e69ee9d308b",
    "manual": true,
    "method": "other",
    "name": "Non Solo Bar P",
    "status": "posted",
    "team_id": "123",
  },
  {
    "amount": -134,
    "category": null,
    "date": "2024-03-10",
    "internal_id": "123_dcb80eeaef5ace3667dedb4bff0672ddd6f108c9a4f4127423f41e69ee9d308b",
    "manual": true,
    "method": "other",
    "name": "Max Burgers 2010140 Ki",
    "status": "posted",
    "team_id": "123",
  },
  {
    "amount": -400,
    "category": null,
    "date": "2024-03-10",
    "internal_id": "123_dcb80eeaef5ace3667dedb4bff0672ddd6f108c9a4f4127423f41e69ee9d308b",
    "manual": true,
    "method": "other",
    "name": "Cherry 2 21400",
    "status": "posted",
    "team_id": "123",
  },
  {
    "amount": -400,
    "category": null,
    "date": "2024-03-10",
    "internal_id": "123_dcb80eeaef5ace3667dedb4bff0672ddd6f108c9a4f4127423f41e69ee9d308b",
    "manual": true,
    "method": "other",
    "name": "Cherry 2 21400",
    "status": "posted",
    "team_id": "123",
  },
  {
    "amount": -400,
    "category": null,
    "date": "2024-03-10",
    "internal_id": "123_dcb80eeaef5ace3667dedb4bff0672ddd6f108c9a4f4127423f41e69ee9d308b",
    "manual": true,
    "method": "other",
    "name": "Cherry 2 21400",
    "status": "posted",
    "team_id": "123",
  },
  {
    "amount": -676,
    "category": null,
    "date": "2024-03-10",
    "internal_id": "123_dcb80eeaef5ace3667dedb4bff0672ddd6f108c9a4f4127423f41e69ee9d308b",
    "manual": true,
    "method": "other",
    "name": "Ballbreaker",
    "status": "posted",
    "team_id": "123",
  },
  {
    "amount": -74,
    "category": null,
    "date": "2024-03-10",
    "internal_id": "123_dcb80eeaef5ace3667dedb4bff0672ddd6f108c9a4f4127423f41e69ee9d308b",
    "manual": true,
    "method": "other",
    "name": "Okq8",
    "status": "posted",
    "team_id": "123",
  },
  {
    "amount": -81,
    "category": null,
    "date": "2024-03-10",
    "internal_id": "123_dcb80eeaef5ace3667dedb4bff0672ddd6f108c9a4f4127423f41e69ee9d308b",
    "manual": true,
    "method": "other",
    "name": "Circle K Linkoping Mal",
    "status": "posted",
    "team_id": "123",
  },
  {
    "amount": -145,
    "category": null,
    "date": "2024-03-10",
    "internal_id": "123_dcb80eeaef5ace3667dedb4bff0672ddd6f108c9a4f4127423f41e69ee9d308b",
    "manual": true,
    "method": "other",
    "name": "La Kantarell",
    "status": "posted",
    "team_id": "123",
  },
  {
    "amount": 1200,
    "category": "income",
    "date": "2024-03-10",
    "internal_id": "123_dcb80eeaef5ace3667dedb4bff0672ddd6f108c9a4f4127423f41e69ee9d308b",
    "manual": true,
    "method": "other",
    "name": "Swish Fr N Gustav Karl Valdemar Alsteryd",
    "status": "posted",
    "team_id": "123",
  },
  {
    "amount": -1325,
    "category": null,
    "date": "2024-03-10",
    "internal_id": "123_dcb80eeaef5ace3667dedb4bff0672ddd6f108c9a4f4127423f41e69ee9d308b",
    "manual": true,
    "method": "other",
    "name": "Swish Till Christoffer Collin",
    "status": "posted",
    "team_id": "123",
  },
  {
    "amount": -110,
    "category": null,
    "date": "2024-03-09",
    "internal_id": "123_c4132d0d19f20e356cba02253790576cc4009ddebe1a9f7ab8d4969783357acc",
    "manual": true,
    "method": "other",
    "name": "Swish Till Carl Ohlsson",
    "status": "posted",
    "team_id": "123",
  },
  {
    "amount": -78.78,
    "category": null,
    "date": "2024-03-09",
    "internal_id": "123_c4132d0d19f20e356cba02253790576cc4009ddebe1a9f7ab8d4969783357acc",
    "manual": true,
    "method": "other",
    "name": "Swish Till Easypark Ab",
    "status": "posted",
    "team_id": "123",
  },
  {
    "amount": -144,
    "category": null,
    "date": "2024-03-08",
    "internal_id": "123_360407f43551cbcf0da545ec7e429ce2c69fb1f27c03bb336ff3e4d9c092ec79",
    "manual": true,
    "method": "other",
    "name": "Shifudo Sverige Ab",
    "status": "posted",
    "team_id": "123",
  },
  {
    "amount": -90,
    "category": null,
    "date": "2024-03-08",
    "internal_id": "123_360407f43551cbcf0da545ec7e429ce2c69fb1f27c03bb336ff3e4d9c092ec79",
    "manual": true,
    "method": "other",
    "name": "Q",
    "status": "posted",
    "team_id": "123",
  },
  {
    "amount": -345,
    "category": null,
    "date": "2024-03-08",
    "internal_id": "123_360407f43551cbcf0da545ec7e429ce2c69fb1f27c03bb336ff3e4d9c092ec79",
    "manual": true,
    "method": "other",
    "name": "Mimosa Blommor",
    "status": "posted",
    "team_id": "123",
  },
  {
    "amount": -100,
    "category": null,
    "date": "2024-03-07",
    "internal_id": "123_b03f934a4d02c9e87ac338790993906525f34d1620c55353b2f1901fb1839c8a",
    "manual": true,
    "method": "other",
    "name": "Shish Kebab",
    "status": "posted",
    "team_id": "123",
  },
  {
    "amount": -92.95,
    "category": null,
    "date": "2024-03-07",
    "internal_id": "123_b03f934a4d02c9e87ac338790993906525f34d1620c55353b2f1901fb1839c8a",
    "manual": true,
    "method": "other",
    "name": "Hemkop Linkoping Vas",
    "status": "posted",
    "team_id": "123",
  },
  {
    "amount": -109,
    "category": null,
    "date": "2024-03-07",
    "internal_id": "123_b03f934a4d02c9e87ac338790993906525f34d1620c55353b2f1901fb1839c8a",
    "manual": true,
    "method": "other",
    "name": "Filmstaden Link",
    "status": "posted",
    "team_id": "123",
  },
  {
    "amount": -119,
    "category": null,
    "date": "2024-03-07",
    "internal_id": "123_b03f934a4d02c9e87ac338790993906525f34d1620c55353b2f1901fb1839c8a",
    "manual": true,
    "method": "other",
    "name": "Disney Plus",
    "status": "posted",
    "team_id": "123",
  },
  {
    "amount": -235,
    "category": null,
    "date": "2024-03-07",
    "internal_id": "123_b03f934a4d02c9e87ac338790993906525f34d1620c55353b2f1901fb1839c8a",
    "manual": true,
    "method": "other",
    "name": "Unionen",
    "status": "posted",
    "team_id": "123",
  },
  {
    "amount": -273.6,
    "category": null,
    "date": "2024-03-06",
    "internal_id": "123_9646dac117237a79e9479e2b22935b5d9ff0e63e8be24ce9d84160a12ec4910f",
    "manual": true,
    "method": "other",
    "name": "Hemkop Linkoping Vas",
    "status": "posted",
    "team_id": "123",
  },
]
`;

exports[`Transform transactions 4`] = `[]`;
